-----------------------------------------------------------------
Name: System Idle Process
PID: 0
Username: NT AUTHORITY\SYSTEM
-----------------------------------------------------------------
-----------------------------------------------------------------
Name: System
PID: 4
Username: NT AUTHORITY\SYSTEM
-----------------------------------------------------------------
-----------------------------------------------------------------
Name: N/A
PID: 140
Username: N/A
-----------------------------------------------------------------
-----------------------------------------------------------------
Name: Registry
PID: 184
Username: N/A
-----------------------------------------------------------------
-----------------------------------------------------------------
Name: smss.exe
PID: 640
Username: N/A
-----------------------------------------------------------------
-----------------------------------------------------------------
Name: csrss.exe
PID: 764
Username: N/A
-----------------------------------------------------------------
-----------------------------------------------------------------
Name: wininit.exe
PID: 1088
Username: N/A
-----------------------------------------------------------------
-----------------------------------------------------------------
Name: csrss.exe
PID: 1096
Username: N/A
-----------------------------------------------------------------
-----------------------------------------------------------------
Name: winlogon.exe
PID: 1184
Username: N/A
-----------------------------------------------------------------
-----------------------------------------------------------------
Name: services.exe
PID: 1212
Username: N/A
-----------------------------------------------------------------
-----------------------------------------------------------------
Name: LsaIso.exe
PID: 1240
Username: N/A
-----------------------------------------------------------------
-----------------------------------------------------------------
Name: lsass.exe
PID: 1260
Username: N/A
-----------------------------------------------------------------
-----------------------------------------------------------------
Name: svchost.exe
PID: 1404
Username: N/A
-----------------------------------------------------------------
-----------------------------------------------------------------
Name: IntelCpHDCPSvc.exe
PID: 1420
Username: N/A
-----------------------------------------------------------------
-----------------------------------------------------------------
Name: WUDFHost.exe
PID: 1436
Username: N/A
-----------------------------------------------------------------
-----------------------------------------------------------------
Name: fontdrvhost.exe
PID: 1444
Username: N/A
-----------------------------------------------------------------
-----------------------------------------------------------------
Name: fontdrvhost.exe
PID: 1452
Username: N/A
-----------------------------------------------------------------
-----------------------------------------------------------------
Name: svchost.exe
PID: 1560
Username: N/A
-----------------------------------------------------------------
-----------------------------------------------------------------
Name: svchost.exe
PID: 1568
Username: N/A
-----------------------------------------------------------------
-----------------------------------------------------------------
Name: svchost.exe
PID: 1616
Username: N/A
-----------------------------------------------------------------
-----------------------------------------------------------------
Name: dwm.exe
PID: 1688
Username: N/A
-----------------------------------------------------------------
-----------------------------------------------------------------
Name: svchost.exe
PID: 1816
Username: N/A
-----------------------------------------------------------------
-----------------------------------------------------------------
Name: svchost.exe
PID: 1844
Username: N/A
-----------------------------------------------------------------
-----------------------------------------------------------------
Name: svchost.exe
PID: 1936
Username: N/A
-----------------------------------------------------------------
-----------------------------------------------------------------
Name: svchost.exe
PID: 1956
Username: N/A
-----------------------------------------------------------------
-----------------------------------------------------------------
Name: svchost.exe
PID: 1996
Username: N/A
-----------------------------------------------------------------
-----------------------------------------------------------------
Name: svchost.exe
PID: 2008
Username: N/A
-----------------------------------------------------------------
-----------------------------------------------------------------
Name: svchost.exe
PID: 2016
Username: N/A
-----------------------------------------------------------------
-----------------------------------------------------------------
Name: svchost.exe
PID: 2060
Username: N/A
-----------------------------------------------------------------
-----------------------------------------------------------------
Name: svchost.exe
PID: 2068
Username: N/A
-----------------------------------------------------------------
-----------------------------------------------------------------
Name: AcPowerNotification.exe
PID: 2076
Username: YASH_LAPTOP\yashs
-----------------------------------------------------------------
-----------------------------------------------------------------
Name: svchost.exe
PID: 2160
Username: N/A
-----------------------------------------------------------------
-----------------------------------------------------------------
Name: svchost.exe
PID: 2212
Username: N/A
-----------------------------------------------------------------
-----------------------------------------------------------------
Name: OpenConsole.exe
PID: 2216
Username: YASH_LAPTOP\yashs
-----------------------------------------------------------------
-----------------------------------------------------------------
Name: SSScheduler.exe
PID: 2260
Username: YASH_LAPTOP\yashs
-----------------------------------------------------------------
-----------------------------------------------------------------
Name: svchost.exe
PID: 2268
Username: N/A
-----------------------------------------------------------------
-----------------------------------------------------------------
Name: IntelCpHeciSvc.exe
PID: 2280
Username: N/A
-----------------------------------------------------------------
-----------------------------------------------------------------
Name: mc-neo-host.exe
PID: 2292
Username: N/A
-----------------------------------------------------------------
-----------------------------------------------------------------
Name: igfxCUIService.exe
PID: 2300
Username: N/A
-----------------------------------------------------------------
-----------------------------------------------------------------
Name: steamwebhelper.exe
PID: 2308
Username: YASH_LAPTOP\yashs
-----------------------------------------------------------------
-----------------------------------------------------------------
Name: chrome.exe
PID: 2584
Username: YASH_LAPTOP\yashs
-----------------------------------------------------------------
-----------------------------------------------------------------
Name: wallpaper64.exe
PID: 2620
Username: YASH_LAPTOP\yashs
-----------------------------------------------------------------
-----------------------------------------------------------------
Name: NVDisplay.Container.exe
PID: 2644
Username: N/A
-----------------------------------------------------------------
-----------------------------------------------------------------
Name: svchost.exe
PID: 2652
Username: N/A
-----------------------------------------------------------------
-----------------------------------------------------------------
Name: chrome.exe
PID: 2680
Username: YASH_LAPTOP\yashs
-----------------------------------------------------------------
-----------------------------------------------------------------
Name: svchost.exe
PID: 2796
Username: N/A
-----------------------------------------------------------------
-----------------------------------------------------------------
Name: AsusCertService.exe
PID: 2804
Username: N/A
-----------------------------------------------------------------
-----------------------------------------------------------------
Name: chrome.exe
PID: 2848
Username: YASH_LAPTOP\yashs
-----------------------------------------------------------------
-----------------------------------------------------------------
Name: RuntimeBroker.exe
PID: 2880
Username: YASH_LAPTOP\yashs
-----------------------------------------------------------------
-----------------------------------------------------------------
Name: svchost.exe
PID: 2888
Username: N/A
-----------------------------------------------------------------
-----------------------------------------------------------------
Name: svchost.exe
PID: 2896
Username: N/A
-----------------------------------------------------------------
-----------------------------------------------------------------
Name: svchost.exe
PID: 2904
Username: N/A
-----------------------------------------------------------------
-----------------------------------------------------------------
Name: svchost.exe
PID: 2964
Username: N/A
-----------------------------------------------------------------
-----------------------------------------------------------------
Name: MemCompression
PID: 3004
Username: N/A
-----------------------------------------------------------------
-----------------------------------------------------------------
Name: svchost.exe
PID: 3048
Username: N/A
-----------------------------------------------------------------
-----------------------------------------------------------------
Name: svchost.exe
PID: 3080
Username: N/A
-----------------------------------------------------------------
-----------------------------------------------------------------
Name: svchost.exe
PID: 3088
Username: N/A
-----------------------------------------------------------------
-----------------------------------------------------------------
Name: RuntimeBroker.exe
PID: 3124
Username: YASH_LAPTOP\yashs
-----------------------------------------------------------------
-----------------------------------------------------------------
Name: svchost.exe
PID: 3204
Username: N/A
-----------------------------------------------------------------
-----------------------------------------------------------------
Name: svchost.exe
PID: 3240
Username: N/A
-----------------------------------------------------------------
-----------------------------------------------------------------
Name: svchost.exe
PID: 3244
Username: N/A
-----------------------------------------------------------------
-----------------------------------------------------------------
Name: svchost.exe
PID: 3324
Username: N/A
-----------------------------------------------------------------
-----------------------------------------------------------------
Name: svchost.exe
PID: 3332
Username: N/A
-----------------------------------------------------------------
-----------------------------------------------------------------
Name: svchost.exe
PID: 3344
Username: N/A
-----------------------------------------------------------------
-----------------------------------------------------------------
Name: svchost.exe
PID: 3380
Username: N/A
-----------------------------------------------------------------
-----------------------------------------------------------------
Name: svchost.exe
PID: 3440
Username: N/A
-----------------------------------------------------------------
-----------------------------------------------------------------
Name: TranslucentTB.exe
PID: 3544
Username: YASH_LAPTOP\yashs
-----------------------------------------------------------------
-----------------------------------------------------------------
Name: svchost.exe
PID: 3564
Username: N/A
-----------------------------------------------------------------
-----------------------------------------------------------------
Name: svchost.exe
PID: 3628
Username: N/A
-----------------------------------------------------------------
-----------------------------------------------------------------
Name: audiodg.exe
PID: 3640
Username: N/A
-----------------------------------------------------------------
-----------------------------------------------------------------
Name: chrome.exe
PID: 3648
Username: YASH_LAPTOP\yashs
-----------------------------------------------------------------
-----------------------------------------------------------------
Name: svchost.exe
PID: 3668
Username: N/A
-----------------------------------------------------------------
-----------------------------------------------------------------
Name: pet.exe
PID: 3692
Username: YASH_LAPTOP\yashs
-----------------------------------------------------------------
-----------------------------------------------------------------
Name: Code.exe
PID: 3728
Username: YASH_LAPTOP\yashs
-----------------------------------------------------------------
-----------------------------------------------------------------
Name: servicehost.exe
PID: 3748
Username: N/A
-----------------------------------------------------------------
-----------------------------------------------------------------
Name: svchost.exe
PID: 3824
Username: N/A
-----------------------------------------------------------------
-----------------------------------------------------------------
Name: svchost.exe
PID: 3856
Username: N/A
-----------------------------------------------------------------
-----------------------------------------------------------------
Name: AsusOptimization.exe
PID: 3864
Username: N/A
-----------------------------------------------------------------
-----------------------------------------------------------------
Name: svchost.exe
PID: 4016
Username: N/A
-----------------------------------------------------------------
-----------------------------------------------------------------
Name: spoolsv.exe
PID: 4044
Username: N/A
-----------------------------------------------------------------
-----------------------------------------------------------------
Name: steamservice.exe
PID: 4152
Username: N/A
-----------------------------------------------------------------
-----------------------------------------------------------------
Name: svchost.exe
PID: 4192
Username: N/A
-----------------------------------------------------------------
-----------------------------------------------------------------
Name: NVDisplay.Container.exe
PID: 4200
Username: N/A
-----------------------------------------------------------------
-----------------------------------------------------------------
Name: svchost.exe
PID: 4456
Username: N/A
-----------------------------------------------------------------
-----------------------------------------------------------------
Name: AsusSoftwareManager.exe
PID: 4472
Username: N/A
-----------------------------------------------------------------
-----------------------------------------------------------------
Name: ArmouryCrateControlInterface.exe
PID: 4480
Username: N/A
-----------------------------------------------------------------
-----------------------------------------------------------------
Name: AsusAppService.exe
PID: 4488
Username: N/A
-----------------------------------------------------------------
-----------------------------------------------------------------
Name: AsusSystemAnalysis.exe
PID: 4500
Username: N/A
-----------------------------------------------------------------
-----------------------------------------------------------------
Name: AsusSystemDiagnosis.exe
PID: 4508
Username: N/A
-----------------------------------------------------------------
-----------------------------------------------------------------
Name: AsusSwitch.exe
PID: 4516
Username: N/A
-----------------------------------------------------------------
-----------------------------------------------------------------
Name: DtsApo4Service.exe
PID: 4528
Username: N/A
-----------------------------------------------------------------
-----------------------------------------------------------------
Name: ArmouryCrate.Service.exe
PID: 4536
Username: N/A
-----------------------------------------------------------------
-----------------------------------------------------------------
Name: GlideXRemoteService.exe
PID: 4548
Username: N/A
-----------------------------------------------------------------
-----------------------------------------------------------------
Name: GameSDK.exe
PID: 4564
Username: N/A
-----------------------------------------------------------------
-----------------------------------------------------------------
Name: GlideXService.exe
PID: 4572
Username: N/A
-----------------------------------------------------------------
-----------------------------------------------------------------
Name: GlideXServiceExt.exe
PID: 4596
Username: N/A
-----------------------------------------------------------------
-----------------------------------------------------------------
Name: OneApp.IGCC.WinService.exe
PID: 4620
Username: N/A
-----------------------------------------------------------------
-----------------------------------------------------------------
Name: chrome.exe
PID: 4792
Username: YASH_LAPTOP\yashs
-----------------------------------------------------------------
-----------------------------------------------------------------
Name: svchost.exe
PID: 4808
Username: N/A
-----------------------------------------------------------------
-----------------------------------------------------------------
Name: mc-fw-host.exe
PID: 4896
Username: N/A
-----------------------------------------------------------------
-----------------------------------------------------------------
Name: svchost.exe
PID: 4924
Username: N/A
-----------------------------------------------------------------
-----------------------------------------------------------------
Name: svchost.exe
PID: 5028
Username: N/A
-----------------------------------------------------------------
-----------------------------------------------------------------
Name: LightingService.exe
PID: 5040
Username: N/A
-----------------------------------------------------------------
-----------------------------------------------------------------
Name: svchost.exe
PID: 5048
Username: N/A
-----------------------------------------------------------------
-----------------------------------------------------------------
Name: nvcontainer.exe
PID: 5056
Username: N/A
-----------------------------------------------------------------
-----------------------------------------------------------------
Name: ROGLiveService.exe
PID: 5080
Username: N/A
-----------------------------------------------------------------
-----------------------------------------------------------------
Name: RtkAudUService64.exe
PID: 5088
Username: N/A
-----------------------------------------------------------------
-----------------------------------------------------------------
Name: RstMwService.exe
PID: 5096
Username: N/A
-----------------------------------------------------------------
-----------------------------------------------------------------
Name: svchost.exe
PID: 5104
Username: N/A
-----------------------------------------------------------------
-----------------------------------------------------------------
Name: esif_uf.exe
PID: 5144
Username: N/A
-----------------------------------------------------------------
-----------------------------------------------------------------
Name: svchost.exe
PID: 5204
Username: N/A
-----------------------------------------------------------------
-----------------------------------------------------------------
Name: ApplicationFrameHost.exe
PID: 5212
Username: YASH_LAPTOP\yashs
-----------------------------------------------------------------
-----------------------------------------------------------------
Name: WMIRegistrationService.exe
PID: 5232
Username: N/A
-----------------------------------------------------------------
-----------------------------------------------------------------
Name: dasHost.exe
PID: 5628
Username: N/A
-----------------------------------------------------------------
-----------------------------------------------------------------
Name: chrome.exe
PID: 5696
Username: YASH_LAPTOP\yashs
-----------------------------------------------------------------
-----------------------------------------------------------------
Name: jhi_service.exe
PID: 5812
Username: N/A
-----------------------------------------------------------------
-----------------------------------------------------------------
Name: OpenConsole.exe
PID: 5940
Username: YASH_LAPTOP\yashs
-----------------------------------------------------------------
-----------------------------------------------------------------
Name: browserhost.exe
PID: 6020
Username: YASH_LAPTOP\yashs
-----------------------------------------------------------------
-----------------------------------------------------------------
Name: AsusOptimizationStartupTask.exe
PID: 6028
Username: YASH_LAPTOP\yashs
-----------------------------------------------------------------
-----------------------------------------------------------------
Name: steamwebhelper.exe
PID: 6196
Username: YASH_LAPTOP\yashs
-----------------------------------------------------------------
-----------------------------------------------------------------
Name: OpenConsole.exe
PID: 6536
Username: YASH_LAPTOP\yashs
-----------------------------------------------------------------
-----------------------------------------------------------------
Name: WmiPrvSE.exe
PID: 6708
Username: N/A
-----------------------------------------------------------------
-----------------------------------------------------------------
Name: CrossDeviceResume.exe
PID: 6860
Username: YASH_LAPTOP\yashs
-----------------------------------------------------------------
-----------------------------------------------------------------
Name: WmiPrvSE.exe
PID: 6892
Username: N/A
-----------------------------------------------------------------
-----------------------------------------------------------------
Name: taskhostw.exe
PID: 6956
Username: YASH_LAPTOP\yashs
-----------------------------------------------------------------
-----------------------------------------------------------------
Name: svchost.exe
PID: 6976
Username: N/A
-----------------------------------------------------------------
-----------------------------------------------------------------
Name: McUpdaterModule.exe
PID: 7160
Username: YASH_LAPTOP\yashs
-----------------------------------------------------------------
-----------------------------------------------------------------
Name: chrome.exe
PID: 7492
Username: YASH_LAPTOP\yashs
-----------------------------------------------------------------
-----------------------------------------------------------------
Name: svchost.exe
PID: 7500
Username: YASH_LAPTOP\yashs
-----------------------------------------------------------------
-----------------------------------------------------------------
Name: steamwebhelper.exe
PID: 7504
Username: YASH_LAPTOP\yashs
-----------------------------------------------------------------
-----------------------------------------------------------------
Name: nvcontainer.exe
PID: 7744
Username: N/A
-----------------------------------------------------------------
-----------------------------------------------------------------
Name: svchost.exe
PID: 7800
Username: N/A
-----------------------------------------------------------------
-----------------------------------------------------------------
Name: Code.exe
PID: 7820
Username: YASH_LAPTOP\yashs
-----------------------------------------------------------------
-----------------------------------------------------------------
Name: nvcontainer.exe
PID: 8232
Username: YASH_LAPTOP\yashs
-----------------------------------------------------------------
-----------------------------------------------------------------
Name: nvcontainer.exe
PID: 8332
Username: YASH_LAPTOP\yashs
-----------------------------------------------------------------
-----------------------------------------------------------------
Name: ArmouryCrate.exe
PID: 8348
Username: YASH_LAPTOP\yashs
-----------------------------------------------------------------
-----------------------------------------------------------------
Name: PhoneExperienceHost.exe
PID: 8696
Username: YASH_LAPTOP\yashs
-----------------------------------------------------------------
-----------------------------------------------------------------
Name: svchost.exe
PID: 8944
Username: YASH_LAPTOP\yashs
-----------------------------------------------------------------
-----------------------------------------------------------------
Name: rundll32.exe
PID: 8968
Username: YASH_LAPTOP\yashs
-----------------------------------------------------------------
-----------------------------------------------------------------
Name: svchost.exe
PID: 9024
Username: N/A
-----------------------------------------------------------------
-----------------------------------------------------------------
Name: mc-fw-host.exe
PID: 9048
Username: YASH_LAPTOP\yashs
-----------------------------------------------------------------
-----------------------------------------------------------------
Name: powershell.exe
PID: 9184
Username: YASH_LAPTOP\yashs
-----------------------------------------------------------------
-----------------------------------------------------------------
Name: svchost.exe
PID: 9248
Username: N/A
-----------------------------------------------------------------
-----------------------------------------------------------------
Name: svchost.exe
PID: 9300
Username: N/A
-----------------------------------------------------------------
-----------------------------------------------------------------
Name: sihost.exe
PID: 9684
Username: YASH_LAPTOP\yashs
-----------------------------------------------------------------
-----------------------------------------------------------------
Name: Code.exe
PID: 9728
Username: YASH_LAPTOP\yashs
-----------------------------------------------------------------
-----------------------------------------------------------------
Name: svchost.exe
PID: 9736
Username: YASH_LAPTOP\yashs
-----------------------------------------------------------------
-----------------------------------------------------------------
Name: Code.exe
PID: 9824
Username: YASH_LAPTOP\yashs
-----------------------------------------------------------------
-----------------------------------------------------------------
Name: svchost.exe
PID: 9848
Username: N/A
-----------------------------------------------------------------
-----------------------------------------------------------------
Name: PresentationFontCache.exe
PID: 9924
Username: N/A
-----------------------------------------------------------------
-----------------------------------------------------------------
Name: ASUS_FRQ_Control.exe
PID: 10008
Username: YASH_LAPTOP\yashs
-----------------------------------------------------------------
-----------------------------------------------------------------
Name: Code.exe
PID: 10036
Username: YASH_LAPTOP\yashs
-----------------------------------------------------------------
-----------------------------------------------------------------
Name: svchost.exe
PID: 10140
Username: YASH_LAPTOP\yashs
-----------------------------------------------------------------
-----------------------------------------------------------------
Name: wlanext.exe
PID: 10536
Username: N/A
-----------------------------------------------------------------
-----------------------------------------------------------------
Name: ArmouryCrate.UserSessionHelper.exe
PID: 10568
Username: YASH_LAPTOP\yashs
-----------------------------------------------------------------
-----------------------------------------------------------------
Name: svchost.exe
PID: 10632
Username: N/A
-----------------------------------------------------------------
-----------------------------------------------------------------
Name: conhost.exe
PID: 10684
Username: YASH_LAPTOP\yashs
-----------------------------------------------------------------
-----------------------------------------------------------------
Name: igfxEM.exe
PID: 10748
Username: YASH_LAPTOP\yashs
-----------------------------------------------------------------
-----------------------------------------------------------------
Name: svchost.exe
PID: 10824
Username: YASH_LAPTOP\yashs
-----------------------------------------------------------------
-----------------------------------------------------------------
Name: svchost.exe
PID: 10928
Username: N/A
-----------------------------------------------------------------
-----------------------------------------------------------------
Name: svchost.exe
PID: 11024
Username: N/A
-----------------------------------------------------------------
-----------------------------------------------------------------
Name: RuntimeBroker.exe
PID: 11032
Username: YASH_LAPTOP\yashs
-----------------------------------------------------------------
-----------------------------------------------------------------
Name: Code.exe
PID: 11036
Username: YASH_LAPTOP\yashs
-----------------------------------------------------------------
-----------------------------------------------------------------
Name: conhost.exe
PID: 11040
Username: YASH_LAPTOP\yashs
-----------------------------------------------------------------
-----------------------------------------------------------------
Name: conhost.exe
PID: 11092
Username: YASH_LAPTOP\yashs
-----------------------------------------------------------------
-----------------------------------------------------------------
Name: explorer.exe
PID: 11156
Username: YASH_LAPTOP\yashs
-----------------------------------------------------------------
-----------------------------------------------------------------
Name: UserOOBEBroker.exe
PID: 11184
Username: YASH_LAPTOP\yashs
-----------------------------------------------------------------
-----------------------------------------------------------------
Name: steamwebhelper.exe
PID: 11296
Username: YASH_LAPTOP\yashs
-----------------------------------------------------------------
-----------------------------------------------------------------
Name: svchost.exe
PID: 11316
Username: N/A
-----------------------------------------------------------------
-----------------------------------------------------------------
Name: msedgewebview2.exe
PID: 11480
Username: YASH_LAPTOP\yashs
-----------------------------------------------------------------
-----------------------------------------------------------------
Name: IGCC.exe
PID: 11512
Username: YASH_LAPTOP\yashs
-----------------------------------------------------------------
-----------------------------------------------------------------
Name: steamwebhelper.exe
PID: 11576
Username: YASH_LAPTOP\yashs
-----------------------------------------------------------------
-----------------------------------------------------------------
Name: svchost.exe
PID: 11640
Username: N/A
-----------------------------------------------------------------
-----------------------------------------------------------------
Name: svchost.exe
PID: 11852
Username: N/A
-----------------------------------------------------------------
-----------------------------------------------------------------
Name: conhost.exe
PID: 11896
Username: YASH_LAPTOP\yashs
-----------------------------------------------------------------
-----------------------------------------------------------------
Name: msedgewebview2.exe
PID: 11900
Username: YASH_LAPTOP\yashs
-----------------------------------------------------------------
-----------------------------------------------------------------
Name: NgcIso.exe
PID: 11984
Username: N/A
-----------------------------------------------------------------
-----------------------------------------------------------------
Name: Code.exe
PID: 12844
Username: YASH_LAPTOP\yashs
-----------------------------------------------------------------
-----------------------------------------------------------------
Name: RtkAudUService64.exe
PID: 12892
Username: YASH_LAPTOP\yashs
-----------------------------------------------------------------
-----------------------------------------------------------------
Name: OpenConsole.exe
PID: 12936
Username: YASH_LAPTOP\yashs
-----------------------------------------------------------------
-----------------------------------------------------------------
Name: nvsphelper64.exe
PID: 12980
Username: YASH_LAPTOP\yashs
-----------------------------------------------------------------
-----------------------------------------------------------------
Name: OfficeClickToRun.exe
PID: 13164
Username: N/A
-----------------------------------------------------------------
-----------------------------------------------------------------
Name: NVIDIA Overlay.exe
PID: 13232
Username: YASH_LAPTOP\yashs
-----------------------------------------------------------------
-----------------------------------------------------------------
Name: SearchHost.exe
PID: 13336
Username: YASH_LAPTOP\yashs
-----------------------------------------------------------------
-----------------------------------------------------------------
Name: StartMenuExperienceHost.exe
PID: 13364
Username: YASH_LAPTOP\yashs
-----------------------------------------------------------------
-----------------------------------------------------------------
Name: CrossDeviceService.exe
PID: 13396
Username: YASH_LAPTOP\yashs
-----------------------------------------------------------------
-----------------------------------------------------------------
Name: svchost.exe
PID: 13444
Username: YASH_LAPTOP\yashs
-----------------------------------------------------------------
-----------------------------------------------------------------
Name: Code.exe
PID: 13752
Username: YASH_LAPTOP\yashs
-----------------------------------------------------------------
-----------------------------------------------------------------
Name: RuntimeBroker.exe
PID: 13816
Username: YASH_LAPTOP\yashs
-----------------------------------------------------------------
-----------------------------------------------------------------
Name: svchost.exe
PID: 13828
Username: YASH_LAPTOP\yashs
-----------------------------------------------------------------
-----------------------------------------------------------------
Name: WidgetService.exe
PID: 13836
Username: YASH_LAPTOP\yashs
-----------------------------------------------------------------
-----------------------------------------------------------------
Name: msedgewebview2.exe
PID: 13976
Username: YASH_LAPTOP\yashs
-----------------------------------------------------------------
-----------------------------------------------------------------
Name: dllhost.exe
PID: 14012
Username: YASH_LAPTOP\yashs
-----------------------------------------------------------------
-----------------------------------------------------------------
Name: svchost.exe
PID: 14048
Username: N/A
-----------------------------------------------------------------
-----------------------------------------------------------------
Name: cmd.exe
PID: 14104
Username: YASH_LAPTOP\yashs
-----------------------------------------------------------------
-----------------------------------------------------------------
Name: Widgets.exe
PID: 14116
Username: YASH_LAPTOP\yashs
-----------------------------------------------------------------
-----------------------------------------------------------------
Name: RuntimeBroker.exe
PID: 14192
Username: YASH_LAPTOP\yashs
-----------------------------------------------------------------
-----------------------------------------------------------------
Name: SDXHelper.exe
PID: 14244
Username: YASH_LAPTOP\yashs
-----------------------------------------------------------------
-----------------------------------------------------------------
Name: msedgewebview2.exe
PID: 14292
Username: YASH_LAPTOP\yashs
-----------------------------------------------------------------
-----------------------------------------------------------------
Name: steam.exe
PID: 14424
Username: YASH_LAPTOP\yashs
-----------------------------------------------------------------
-----------------------------------------------------------------
Name: chrome.exe
PID: 14504
Username: YASH_LAPTOP\yashs
-----------------------------------------------------------------
-----------------------------------------------------------------
Name: msedgewebview2.exe
PID: 14540
Username: YASH_LAPTOP\yashs
-----------------------------------------------------------------
-----------------------------------------------------------------
Name: svchost.exe
PID: 14592
Username: N/A
-----------------------------------------------------------------
-----------------------------------------------------------------
Name: steamwebhelper.exe
PID: 14688
Username: YASH_LAPTOP\yashs
-----------------------------------------------------------------
-----------------------------------------------------------------
Name: ctfmon.exe
PID: 14764
Username: YASH_LAPTOP\yashs
-----------------------------------------------------------------
-----------------------------------------------------------------
Name: msedgewebview2.exe
PID: 14896
Username: YASH_LAPTOP\yashs
-----------------------------------------------------------------
-----------------------------------------------------------------
Name: msedgewebview2.exe
PID: 15012
Username: YASH_LAPTOP\yashs
-----------------------------------------------------------------
-----------------------------------------------------------------
Name: steamwebhelper.exe
PID: 15096
Username: YASH_LAPTOP\yashs
-----------------------------------------------------------------
-----------------------------------------------------------------
Name: Code.exe
PID: 15216
Username: YASH_LAPTOP\yashs
-----------------------------------------------------------------
-----------------------------------------------------------------
Name: msedgewebview2.exe
PID: 15392
Username: YASH_LAPTOP\yashs
-----------------------------------------------------------------
-----------------------------------------------------------------
Name: msedgewebview2.exe
PID: 15400
Username: YASH_LAPTOP\yashs
-----------------------------------------------------------------
-----------------------------------------------------------------
Name: svchost.exe
PID: 15472
Username: N/A
-----------------------------------------------------------------
-----------------------------------------------------------------
Name: msedgewebview2.exe
PID: 15752
Username: YASH_LAPTOP\yashs
-----------------------------------------------------------------
-----------------------------------------------------------------
Name: LockApp.exe
PID: 15800
Username: YASH_LAPTOP\yashs
-----------------------------------------------------------------
-----------------------------------------------------------------
Name: msedgewebview2.exe
PID: 15836
Username: YASH_LAPTOP\yashs
-----------------------------------------------------------------
-----------------------------------------------------------------
Name: NVIDIA Overlay.exe
PID: 15976
Username: YASH_LAPTOP\yashs
-----------------------------------------------------------------
-----------------------------------------------------------------
Name: RuntimeBroker.exe
PID: 16088
Username: YASH_LAPTOP\yashs
-----------------------------------------------------------------
-----------------------------------------------------------------
Name: NVIDIA Overlay.exe
PID: 16096
Username: YASH_LAPTOP\yashs
-----------------------------------------------------------------
-----------------------------------------------------------------
Name: NVIDIA Overlay.exe
PID: 16144
Username: YASH_LAPTOP\yashs
-----------------------------------------------------------------
-----------------------------------------------------------------
Name: NVIDIA Overlay.exe
PID: 16404
Username: YASH_LAPTOP\yashs
-----------------------------------------------------------------
-----------------------------------------------------------------
Name: svchost.exe
PID: 16484
Username: N/A
-----------------------------------------------------------------
-----------------------------------------------------------------
Name: svchost.exe
PID: 16500
Username: N/A
-----------------------------------------------------------------
-----------------------------------------------------------------
Name: chrome.exe
PID: 16508
Username: YASH_LAPTOP\yashs
-----------------------------------------------------------------
-----------------------------------------------------------------
Name: svchost.exe
PID: 16568
Username: YASH_LAPTOP\yashs
-----------------------------------------------------------------
-----------------------------------------------------------------
Name: TextInputHost.exe
PID: 16688
Username: YASH_LAPTOP\yashs
-----------------------------------------------------------------
-----------------------------------------------------------------
Name: dllhost.exe
PID: 16760
Username: YASH_LAPTOP\yashs
-----------------------------------------------------------------
-----------------------------------------------------------------
Name: SearchIndexer.exe
PID: 16780
Username: N/A
-----------------------------------------------------------------
-----------------------------------------------------------------
Name: svchost.exe
PID: 16860
Username: N/A
-----------------------------------------------------------------
-----------------------------------------------------------------
Name: IGCCTray.exe
PID: 16960
Username: YASH_LAPTOP\yashs
-----------------------------------------------------------------
-----------------------------------------------------------------
Name: unsecapp.exe
PID: 17212
Username: N/A
-----------------------------------------------------------------
-----------------------------------------------------------------
Name: WindowsTerminal.exe
PID: 17280
Username: YASH_LAPTOP\yashs
-----------------------------------------------------------------
-----------------------------------------------------------------
Name: SystemSettings.exe
PID: 17472
Username: YASH_LAPTOP\yashs
-----------------------------------------------------------------
-----------------------------------------------------------------
Name: svchost.exe
PID: 17524
Username: N/A
-----------------------------------------------------------------
-----------------------------------------------------------------
Name: chrome.exe
PID: 17532
Username: YASH_LAPTOP\yashs
-----------------------------------------------------------------
-----------------------------------------------------------------
Name: ArmouryHtmlDebugServer.exe
PID: 17540
Username: YASH_LAPTOP\yashs
-----------------------------------------------------------------
-----------------------------------------------------------------
Name: RtkAudUService64.exe
PID: 17624
Username: YASH_LAPTOP\yashs
-----------------------------------------------------------------
-----------------------------------------------------------------
Name: ArmourySocketServer.exe
PID: 17652
Username: YASH_LAPTOP\yashs
-----------------------------------------------------------------
-----------------------------------------------------------------
Name: SnippingTool.exe
PID: 17816
Username: YASH_LAPTOP\yashs
-----------------------------------------------------------------
-----------------------------------------------------------------
Name: ArmourySwAgent.exe
PID: 17936
Username: YASH_LAPTOP\yashs
-----------------------------------------------------------------
-----------------------------------------------------------------
Name: asus_framework.exe
PID: 17956
Username: N/A
-----------------------------------------------------------------
-----------------------------------------------------------------
Name: dllhost.exe
PID: 18072
Username: YASH_LAPTOP\yashs
-----------------------------------------------------------------
-----------------------------------------------------------------
Name: svchost.exe
PID: 18120
Username: N/A
-----------------------------------------------------------------
-----------------------------------------------------------------
Name: AppActions.exe
PID: 18380
Username: YASH_LAPTOP\yashs
-----------------------------------------------------------------
-----------------------------------------------------------------
Name: svchost.exe
PID: 18396
Username: N/A
-----------------------------------------------------------------
-----------------------------------------------------------------
Name: svchost.exe
PID: 18588
Username: N/A
-----------------------------------------------------------------
-----------------------------------------------------------------
Name: python.exe
PID: 18600
Username: YASH_LAPTOP\yashs
-----------------------------------------------------------------
-----------------------------------------------------------------
Name: dllhost.exe
PID: 18684
Username: YASH_LAPTOP\yashs
-----------------------------------------------------------------
-----------------------------------------------------------------
Name: AsusOSD.exe
PID: 18732
Username: YASH_LAPTOP\yashs
-----------------------------------------------------------------
-----------------------------------------------------------------
Name: chrome.exe
PID: 18836
Username: YASH_LAPTOP\yashs
-----------------------------------------------------------------
-----------------------------------------------------------------
Name: msedgewebview2.exe
PID: 18900
Username: YASH_LAPTOP\yashs
-----------------------------------------------------------------
-----------------------------------------------------------------
Name: AsusSoftwareManagerAgent.exe
PID: 19100
Username: YASH_LAPTOP\yashs
-----------------------------------------------------------------
-----------------------------------------------------------------
Name: asus_framework.exe
PID: 19276
Username: YASH_LAPTOP\yashs
-----------------------------------------------------------------
-----------------------------------------------------------------
Name: asus_framework.exe
PID: 19352
Username: N/A
-----------------------------------------------------------------
-----------------------------------------------------------------
Name: asus_framework.exe
PID: 19412
Username: N/A
-----------------------------------------------------------------
-----------------------------------------------------------------
Name: svchost.exe
PID: 19648
Username: N/A
-----------------------------------------------------------------
-----------------------------------------------------------------
Name: chrome.exe
PID: 19996
Username: YASH_LAPTOP\yashs
-----------------------------------------------------------------
-----------------------------------------------------------------
Name: RuntimeBroker.exe
PID: 20052
Username: YASH_LAPTOP\yashs
-----------------------------------------------------------------
-----------------------------------------------------------------
Name: svchost.exe
PID: 20136
Username: N/A
-----------------------------------------------------------------
-----------------------------------------------------------------
Name: dllhost.exe
PID: 20372
Username: YASH_LAPTOP\yashs
-----------------------------------------------------------------
-----------------------------------------------------------------
Name: ShellHost.exe
PID: 20504
Username: YASH_LAPTOP\yashs
-----------------------------------------------------------------
-----------------------------------------------------------------
Name: WhatsApp.Root.exe
PID: 20544
Username: YASH_LAPTOP\yashs
-----------------------------------------------------------------
-----------------------------------------------------------------
Name: AppVShNotify.exe
PID: 20604
Username: YASH_LAPTOP\yashs
-----------------------------------------------------------------
-----------------------------------------------------------------
Name: Code.exe
PID: 20812
Username: YASH_LAPTOP\yashs
-----------------------------------------------------------------
-----------------------------------------------------------------
Name: Code.exe
PID: 21068
Username: YASH_LAPTOP\yashs
-----------------------------------------------------------------
-----------------------------------------------------------------
Name: ShellExperienceHost.exe
PID: 21108
Username: YASH_LAPTOP\yashs
-----------------------------------------------------------------
-----------------------------------------------------------------
Name: RuntimeBroker.exe
PID: 21144
Username: YASH_LAPTOP\yashs
-----------------------------------------------------------------
-----------------------------------------------------------------
Name: PushNotificationsLongRunningTask.exe
PID: 21304
Username: YASH_LAPTOP\yashs
-----------------------------------------------------------------
-----------------------------------------------------------------
Name: chrome.exe
PID: 21312
Username: YASH_LAPTOP\yashs
-----------------------------------------------------------------
-----------------------------------------------------------------
Name: chrome.exe
PID: 21320
Username: YASH_LAPTOP\yashs
-----------------------------------------------------------------
-----------------------------------------------------------------
Name: chrome.exe
PID: 21652
Username: YASH_LAPTOP\yashs
-----------------------------------------------------------------
-----------------------------------------------------------------
Name: svchost.exe
PID: 21820
Username: N/A
-----------------------------------------------------------------
-----------------------------------------------------------------
Name: SecurityHealthService.exe
PID: 21920
Username: N/A
-----------------------------------------------------------------
-----------------------------------------------------------------
Name: Code.exe
PID: 21956
Username: YASH_LAPTOP\yashs
-----------------------------------------------------------------
-----------------------------------------------------------------
Name: dllhost.exe
PID: 22184
Username: YASH_LAPTOP\yashs
-----------------------------------------------------------------
-----------------------------------------------------------------
Name: powershell.exe
PID: 22224
Username: YASH_LAPTOP\yashs
-----------------------------------------------------------------
-----------------------------------------------------------------
Name: RuntimeBroker.exe
PID: 22460
Username: YASH_LAPTOP\yashs
-----------------------------------------------------------------
-----------------------------------------------------------------
Name: uihost.exe
PID: 22768
Username: YASH_LAPTOP\yashs
-----------------------------------------------------------------
-----------------------------------------------------------------
Name: svchost.exe
PID: 23080
Username: N/A
-----------------------------------------------------------------
-----------------------------------------------------------------
Name: mc-extn-browserhost.exe
PID: 23164
Username: YASH_LAPTOP\yashs
-----------------------------------------------------------------
-----------------------------------------------------------------
Name: backgroundTaskHost.exe
PID: 23176
Username: YASH_LAPTOP\yashs
-----------------------------------------------------------------
-----------------------------------------------------------------
Name: conhost.exe
PID: 23344
Username: YASH_LAPTOP\yashs
-----------------------------------------------------------------
-----------------------------------------------------------------
Name: conhost.exe
PID: 23376
Username: YASH_LAPTOP\yashs
-----------------------------------------------------------------
-----------------------------------------------------------------
Name: cmd.exe
PID: 23380
Username: YASH_LAPTOP\yashs
-----------------------------------------------------------------
-----------------------------------------------------------------
Name: cmd.exe
PID: 23388
Username: YASH_LAPTOP\yashs
-----------------------------------------------------------------
