Log Generated At : Mon Jul 27 13:42:11 2026
-----------------------------------------------------------------

-----------------------------------------------------------------
              Disk Sanitizer Script                  
-----------------------------------------------------------------

Directory Scanned : D:\Yash\Coding\Marvellus Assignments\Assignment 33\test
Receiver Email : pekkapowerofcoc@gmail.com
Scanning Started : Mon Jul 27 13:42:11 2026
Scanning Completed : Mon Jul 27 13:42:11 2026
-----------------------------------------------------------------
Total Files Scanned : 2
Duplicate Files Found : 0
Duplicate Files Deleted : 0
-----------------------------------------------------------------
Duplicate Checksums
-----------------------------------------------------------------
Deleted Files: 
-----------------------------------------------------------------
-----------------------------------------------------------------
Email Status: SUCCESS
